// Vitest Snapshot v1, https://vitest.dev/guide/snapshot.html

exports[`example tests > converts foobar to UPPERCASE 1`] = `"FOOBAR"`;
